  bullet.cpp
  enemy.cpp
C:\Users\PC\Desktop\Mufleh\rpg project\Victory-Guraridan\enemy.cpp(85,34): warning C4244: 'argument': conversion from 'int' to 'float', possible loss of data
C:\Users\PC\Desktop\Mufleh\rpg project\Victory-Guraridan\enemy.cpp(85,27): warning C4244: 'argument': conversion from 'int' to 'float', possible loss of data
C:\Users\PC\Desktop\Mufleh\rpg project\Victory-Guraridan\enemy.cpp(79,9): warning C4101: 'randHealth': unreferenced local variable
  fence.cpp
  gun.cpp
  main.cpp
C:\Users\PC\Desktop\Mufleh\rpg project\Victory-Guraridan\main.cpp(16,15): warning C4244: 'argument': conversion from 'time_t' to 'unsigned int', possible loss of data
C:\Users\PC\Desktop\Mufleh\rpg project\Victory-Guraridan\main.cpp(20,63): warning C4244: 'argument': conversion from 'int' to 'float', possible loss of data
C:\Users\PC\Desktop\Mufleh\rpg project\Victory-Guraridan\main.cpp(65,26): warning C4554: '|': check operator precedence for possible error; use parentheses to clarify precedence
C:\Users\PC\Desktop\Mufleh\rpg project\Victory-Guraridan\main.cpp(65,41): warning C4554: '|': check operator precedence for possible error; use parentheses to clarify precedence
C:\Users\PC\Desktop\Mufleh\rpg project\Victory-Guraridan\main.cpp(65,56): warning C4554: '|': check operator precedence for possible error; use parentheses to clarify precedence
C:\Users\PC\Desktop\Mufleh\rpg project\Victory-Guraridan\main.cpp(111,43): warning C4554: '|': check operator precedence for possible error; use parentheses to clarify precedence
C:\Users\PC\Desktop\Mufleh\rpg project\Victory-Guraridan\main.cpp(111,67): warning C4554: '|': check operator precedence for possible error; use parentheses to clarify precedence
C:\Users\PC\Desktop\Mufleh\rpg project\Victory-Guraridan\main.cpp(111,92): warning C4554: '|': check operator precedence for possible error; use parentheses to clarify precedence
C:\Users\PC\Desktop\Mufleh\rpg project\Victory-Guraridan\main.cpp(152,50): warning C4244: '-=': conversion from 'float' to 'int', possible loss of data
  Plant.cpp
  player.cpp
C:\Users\PC\Desktop\Mufleh\rpg project\Victory-Guraridan\player.cpp(34,47): warning C4244: 'argument': conversion from 'int' to 'float', possible loss of data
C:\Users\PC\Desktop\Mufleh\rpg project\Victory-Guraridan\player.cpp(40,54): warning C4244: 'argument': conversion from 'int' to 'float', possible loss of data
C:\Users\PC\Desktop\Mufleh\rpg project\Victory-Guraridan\player.cpp(46,54): warning C4244: 'argument': conversion from 'int' to 'float', possible loss of data
C:\Users\PC\Desktop\Mufleh\rpg project\Victory-Guraridan\player.cpp(52,52): warning C4244: 'argument': conversion from 'int' to 'float', possible loss of data
  Generating Code...
  Victory-Guraridan.vcxproj -> C:\Users\PC\Desktop\Mufleh\rpg project\Victory-Guraridan\x64\Debug\Victory-Guraridan.exe
